// Jest Snapshot v1, https://goo.gl/fbAQLP

exports[`renders homepage unchanged 1`] = `
<div>
  <div
    class="md:flex md:h-screen"
  >
    <div
      class="md:w-2/4 md:fixed md:top-0 md:overflow-y-auto px-10 py-10 md:pl-20 md:pt-24 md:pb-24 2xl:pl-64 2xl:pt-40 2xl:pr-24 2xl:pb-24"
    >
      <section
        class="relative isolate overflow-hidden"
      >
        <div
          class="flex items-center gap-4"
        >
          <img
            alt="profile_image"
            class="rounded-full"
            data-nimg="1"
            decoding="async"
            height="60"
            loading="lazy"
            src="/_next/image?url=%2Favatar.png&w=128&q=75"
            srcset="/_next/image?url=%2Favatar.png&w=64&q=75 1x, /_next/image?url=%2Favatar.png&w=128&q=75 2x"
            style="color: transparent; background-color: rgb(64, 255, 192);"
            width="60"
          />
          <div>
            <div
              class="font-bold text-xl lg:text-4xl"
            >
              Your 
              Name
            </div>
            <div
              class="font-bold text-slate-200 text-xxl sm:text-xxl mt-1 sm:mt-2"
            >
              Software Engineer
               at 
              A Company
            </div>
          </div>
        </div>
        <div>
          <div
            class="dark:text-gray-400 text-xs sm:text-xl mt-5"
          >
            Hello, I'm Name, full-stack developer with 10 years of expertise. Let's build something extraordinary together!
          </div>
        </div>
        <div
          class="mt-4 sm:mt-20"
        >
          <nav
            aria-label="In-page jump links"
            class="nav hidden lg:block"
          >
            <ul
              class="mt-16 w-max"
            >
              <li>
                <a
                  class="group flex items-center py-3"
                  href="#about"
                >
                  <span
                    class="nav-indicator mr-4 h-px transition-all w-24 bg-slate-200 neon-green motion-reduce:transition-none"
                  />
                  <span
                    class="nav-text text-xs font-bold uppercase tracking-widest text-slate-200"
                  >
                    ABOUT
                  </span>
                </a>
              </li>
              <li>
                <a
                  class="group flex items-center py-3"
                  href="#experience"
                >
                  <span
                    class="nav-indicator mr-4 h-px transition-all w-8 bg-slate-600 group-hover:w-24 group-hover:bg-slate-200 motion-reduce:transition-none"
                  />
                  <span
                    class="nav-text text-xs font-bold uppercase tracking-widest text-slate-500 group-hover:text-slate-200 group-focus-visible:text-slate-200"
                  >
                    EXPERIENCE
                  </span>
                </a>
              </li>
              <li>
                <a
                  class="group flex items-center py-3"
                  href="#project"
                >
                  <span
                    class="nav-indicator mr-4 h-px transition-all w-8 bg-slate-600 group-hover:w-24 group-hover:bg-slate-200 motion-reduce:transition-none"
                  />
                  <span
                    class="nav-text text-xs font-bold uppercase tracking-widest text-slate-500 group-hover:text-slate-200 group-focus-visible:text-slate-200"
                  >
                    PROJECT
                  </span>
                </a>
              </li>
            </ul>
          </nav>
        </div>
        <div
          class="flex sm:mt-12 md:mt-80 lg:mt-80 xl:mt-36"
        >
          <div>
            <a
              class="text-gray-500 hover:text-gray-900 dark:hover:text-white ms-5"
              href="https://github.com/jaba-e"
              target="_blank"
            >
              <svg
                aria-hidden="true"
                class="w-10 h-10"
                fill="currentColor"
                viewBox="0 0 25 25"
                xmlns="http://www.w3.org/2000/svg"
              >
                <path
                  d="M10.9,2.1c-4.6,0.5-8.3,4.2-8.8,8.7c-0.5,4.7,2.2,8.9,6.3,10.5C8.7,21.4,9,21.2,9,20.8v-1.6c0,0-0.4,0.1-0.9,0.1 c-1.4,0-2-1.2-2.1-1.9c-0.1-0.4-0.3-0.7-0.6-1C5.1,16.3,5,16.3,5,16.2C5,16,5.3,16,5.4,16c0.6,0,1.1,0.7,1.3,1c0.5,0.8,1.1,1,1.4,1 c0.4,0,0.7-0.1,0.9-0.2c0.1-0.7,0.4-1.4,1-1.8c-2.3-0.5-4-1.8-4-4c0-1.1,0.5-2.2,1.2-3C7.1,8.8,7,8.3,7,7.6C7,7.2,7,6.6,7.3,6 c0,0,1.4,0,2.8,1.3C10.6,7.1,11.3,7,12,7s1.4,0.1,2,0.3C15.3,6,16.8,6,16.8,6C17,6.6,17,7.2,17,7.6c0,0.8-0.1,1.2-0.2,1.4 c0.7,0.8,1.2,1.8,1.2,3c0,2.2-1.7,3.5-4,4c0.6,0.5,1,1.4,1,2.3v2.6c0,0.3,0.3,0.6,0.7,0.5c3.7-1.5,6.3-5.1,6.3-9.3 C22,6.1,16.9,1.4,10.9,2.1z"
                />
              </svg>
              <span
                class="sr-only"
              >
                Github
              </span>
            </a>
          </div>
          <div>
            <a
              class="text-gray-500 hover:text-gray-900 dark:hover:text-white ms-5"
              href="https://www.linkedin.com/"
              target="_blank"
            >
              <svg
                aria-hidden="true"
                class="w-10 h-10"
                fill="currentColor"
                viewBox="0 0 24 24"
                xmlns="http://www.w3.org/2000/svg"
              >
                <path
                  d="M 5 3 C 3.895 3 3 3.895 3 5 L 3 19 C 3 20.105 3.895 21 5 21 L 19 21 C 20.105 21 21 20.105 21 19 L 21 5 C 21 3.895 20.105 3 19 3 L 5 3 z M 5 5 L 19 5 L 19 19 L 5 19 L 5 5 z M 7.7792969 6.3164062 C 6.9222969 6.3164062 6.4082031 6.8315781 6.4082031 7.5175781 C 6.4082031 8.2035781 6.9223594 8.7167969 7.6933594 8.7167969 C 8.5503594 8.7167969 9.0644531 8.2035781 9.0644531 7.5175781 C 9.0644531 6.8315781 8.5502969 6.3164062 7.7792969 6.3164062 z M 6.4765625 10 L 6.4765625 17 L 9 17 L 9 10 L 6.4765625 10 z M 11.082031 10 L 11.082031 17 L 13.605469 17 L 13.605469 13.173828 C 13.605469 12.034828 14.418109 11.871094 14.662109 11.871094 C 14.906109 11.871094 15.558594 12.115828 15.558594 13.173828 L 15.558594 17 L 18 17 L 18 13.173828 C 18 10.976828 17.023734 10 15.802734 10 C 14.581734 10 13.930469 10.406562 13.605469 10.976562 L 13.605469 10 L 11.082031 10 z"
                />
              </svg>
              <span
                class="sr-only"
              >
                Linkedin
              </span>
            </a>
          </div>
          <div>
            <a
              class="text-gray-500 hover:text-gray-900 dark:hover:text-white ms-5"
              href="/contact"
              target=""
            >
              <svg
                aria-hidden="true"
                class="w-10 h-10"
                fill="currentColor"
                viewBox="0 0 50 50"
                xmlns="http://www.w3.org/2000/svg"
              >
                <path
                  d="M 14 4 C 8.4886661 4 4 8.4886661 4 14 L 4 36 C 4 41.511334 8.4886661 46 14 46 L 36 46 C 41.511334 46 46 41.511334 46 36 L 46 14 C 46 8.4886661 41.511334 4 36 4 L 14 4 z M 13 16 L 37 16 C 37.18 16 37.349766 16.020312 37.509766 16.070312 L 27.679688 25.890625 C 26.199688 27.370625 23.790547 27.370625 22.310547 25.890625 L 12.490234 16.070312 C 12.650234 16.020312 12.82 16 13 16 z M 11.070312 17.490234 L 18.589844 25 L 11.070312 32.509766 C 11.020312 32.349766 11 32.18 11 32 L 11 18 C 11 17.82 11.020312 17.650234 11.070312 17.490234 z M 38.929688 17.490234 C 38.979688 17.650234 39 17.82 39 18 L 39 32 C 39 32.18 38.979687 32.349766 38.929688 32.509766 L 31.400391 25 L 38.929688 17.490234 z M 20 26.410156 L 20.890625 27.310547 C 22.020625 28.440547 23.510234 29 24.990234 29 C 26.480234 29 27.959844 28.440547 29.089844 27.310547 L 29.990234 26.410156 L 37.509766 33.929688 C 37.349766 33.979688 37.18 34 37 34 L 13 34 C 12.82 34 12.650234 33.979687 12.490234 33.929688 L 20 26.410156 z"
                />
              </svg>
              <span
                class="sr-only"
              >
                E-Mail
              </span>
            </a>
          </div>
        </div>
        <div
          class="mt-2"
        >
          <a
            download=""
            href="cv.pdf"
            rel="noopener noreferrer"
            target="_blank"
          >
            <div
              class="inline-flex font-bold rounded-full bg-teal-400/10 px-5 py-2 text-xs leading-5 dark:hover:text-neon-green"
            >
              Download CV
            </div>
          </a>
        </div>
      </section>
    </div>
    <div
      class="md:w-2/4"
    />
    <div
      class="md:w-2/4 px-10 md:flex-grow md:pr-24 2xl:pl-32 2xl:pr-48 2xl:pb-24"
    >
      <div
        class="2xl:pr-16"
      >
        <section
          class="pt-12 md:pt-28 lg:pt-44 xl:pt-44 2xl:pt-60 2xl:pb-20"
          id="about"
        >
          <h2
            class="text-sm font-bold uppercase tracking-widest text-slate-200 lg:sr-only"
          >
            About
          </h2>
          <div
            class="dark:text-gray-400 text-xs sm:text-lg"
          >
            <div
              class="mt-4 2xl:mt-4"
            >
              <span>
                During my high school years, I excelled in a programming competition, and clinching the top spot and igniting my fervor for coding. Since then, I have traversed a dynamic career path, contributing to
                 
                <span
                  class="text-slate-200"
                >
                  <span>
                    small startup
                  </span>
                </span>
                , 
                <span
                  class="text-slate-200"
                >
                  <span>
                    large corporate
                  </span>
                </span>
                 and my private projects. In these roles, I've developed numerous websites and resilient architectures, emphasizing my proficiency in
                 
                <span
                  class="text-slate-200"
                >
                  <span>
                    React.js, Node.js, Django.
                  </span>
                </span>
              </span>
            </div>
            <div
              class="mt-3 2xl:mt-5"
            >
              <span>
                More than just developing software, my passion lies in architecting robust software systems. I have hands-on experience with
                 
                <span
                  class="text-slate-200"
                >
                  <span>
                    GCP, AWS
                  </span>
                </span>
                 and private cloud environments. Among my notable accomplishments is my contribution to a software system
                 
                <span
                  class="text-slate-200"
                >
                  <span>
                    handling more than several millions of daily requests.
                  </span>
                </span>
                 
                Additionally, I am an
                 
                <span
                  class="text-slate-200"
                >
                  <a
                    href="https://www.credly.com/badges/"
                    target="_blank"
                  >
                    AWS certified solutions architect
                  </a>
                </span>
                , demonstrating my expertise in conceiving and implementing scalable, secure, and reliable solutions.
              </span>
            </div>
            <div
              class="mt-3 2xl:mt-5"
            >
              <span>
                In my free time, I am usually reading books or articles, walking around cities and meeting with new people.
              </span>
            </div>
          </div>
        </section>
        <section
          class="pt-20 sm:pt-24 2xl:pt-44"
          id="experience"
        >
          <h2
            class="text-sm font-bold uppercase tracking-widest text-slate-200 lg:sr-only"
          >
            Experience
          </h2>
          <div
            class="mt-5 mx-auto max-w-screen-md"
          >
            <ol
              class="relative border-s border-gray-200 dark:border-gray-700"
            >
              <li
                class="mb-5 ms-6"
              >
                <div
                  class="absolute w-3 h-3 bg-gray-200 rounded-full mt-1.5 -start-1.5 border border-white dark:border-gray-900 dark:bg-gray-700"
                />
                <div
                  class=""
                >
                  <div
                    class="items-center justify-between sm:flex"
                  >
                    <time
                      class="mb-1 text-sm text-gray-400 sm:order-last sm:mb-0"
                    >
                      2015
                       - 
                      Present
                    </time>
                    <div
                      class="text-sm sm:text-lg font-bold text-gray-500 dark:text-gray-300"
                    >
                      Software Engineer
                      ・
                      A Company
                    </div>
                  </div>
                  <div
                    class="text-xs text-gray-500"
                  >
                    Responsible for building infrastructure and shipping new features.
                  </div>
                  <div
                    class="p-3 text-xs sm:text-sm text-gray-500"
                  >
                    <ul
                      class="list-disc"
                    >
                      <li
                        class="list-item"
                      >
                        Developed a scalable microservices architecture, enhancing application performance and reliability.
                      </li>
                      <li
                        class="list-item"
                      >
                        Implemented AI-driven features, optimizing user experience and increasing engagement metrics.
                      </li>
                      <li
                        class="list-item"
                      >
                        Led cross-functional team to deliver a major software release ahead-of-schedule.
                      </li>
                      <li
                        class="list-item"
                      >
                        Created a secure authentication system, mitigating potential security vulnerabilities effectively.
                      </li>
                    </ul>
                  </div>
                  <span
                    class="pl-1"
                  >
                    <div
                      class="inline-flex items-center rounded-full bg-teal-400/10 px-3 py-1 my-0.5 text-xs font-medium leading-5 text-neon-green"
                    >
                      Javascript
                    </div>
                  </span>
                  <span
                    class="pl-1"
                  >
                    <div
                      class="inline-flex items-center rounded-full bg-teal-400/10 px-3 py-1 my-0.5 text-xs font-medium leading-5 text-neon-green"
                    >
                      Ruby on Rails
                    </div>
                  </span>
                  <span
                    class="pl-1"
                  >
                    <div
                      class="inline-flex items-center rounded-full bg-teal-400/10 px-3 py-1 my-0.5 text-xs font-medium leading-5 text-neon-green"
                    >
                      Kubernetes
                    </div>
                  </span>
                  <span
                    class="pl-1"
                  >
                    <div
                      class="inline-flex items-center rounded-full bg-teal-400/10 px-3 py-1 my-0.5 text-xs font-medium leading-5 text-neon-green"
                    >
                      ELK
                    </div>
                  </span>
                  <span
                    class="pl-1"
                  >
                    <div
                      class="inline-flex items-center rounded-full bg-teal-400/10 px-3 py-1 my-0.5 text-xs font-medium leading-5 text-neon-green"
                    >
                      Microservice
                    </div>
                  </span>
                  <span
                    class="pl-1"
                  >
                    <div
                      class="inline-flex items-center rounded-full bg-teal-400/10 px-3 py-1 my-0.5 text-xs font-medium leading-5 text-neon-green"
                    >
                      Private Cloud
                    </div>
                  </span>
                </div>
              </li>
              <li
                class="mb-5 ms-6"
              >
                <div
                  class="absolute w-3 h-3 bg-gray-200 rounded-full mt-1.5 -start-1.5 border border-white dark:border-gray-900 dark:bg-gray-700"
                />
                <div
                  class=""
                >
                  <div
                    class="items-center justify-between sm:flex"
                  >
                    <time
                      class="mb-1 text-sm text-gray-400 sm:order-last sm:mb-0"
                    >
                      2013
                       - 
                      2015
                    </time>
                    <div
                      class="text-sm sm:text-lg font-bold text-gray-500 dark:text-gray-300"
                    >
                      Software Engineer
                      ・
                      B Company
                    </div>
                  </div>
                  <div
                    class="text-xs text-gray-500"
                  >
                    Responsible for building new websites and infrastructure.
                  </div>
                  <div
                    class="p-3 text-xs sm:text-sm text-gray-500"
                  >
                    <ul
                      class="list-disc"
                    >
                      <li
                        class="list-item"
                      >
                        Developed a scalable microservices architecture, enhancing application performance and reliability.
                      </li>
                      <li
                        class="list-item"
                      >
                        Implemented AI-driven features, optimizing user experience and increasing engagement metrics.
                      </li>
                      <li
                        class="list-item"
                      >
                        Led cross-functional team to deliver a major software release ahead-of-schedule.
                      </li>
                      <li
                        class="list-item"
                      >
                        Created a secure authentication system, mitigating potential security vulnerabilities effectively.
                      </li>
                    </ul>
                  </div>
                  <span
                    class="pl-1"
                  >
                    <div
                      class="inline-flex items-center rounded-full bg-teal-400/10 px-3 py-1 my-0.5 text-xs font-medium leading-5 text-neon-green"
                    >
                      React.js
                    </div>
                  </span>
                  <span
                    class="pl-1"
                  >
                    <div
                      class="inline-flex items-center rounded-full bg-teal-400/10 px-3 py-1 my-0.5 text-xs font-medium leading-5 text-neon-green"
                    >
                      Node.js
                    </div>
                  </span>
                  <span
                    class="pl-1"
                  >
                    <div
                      class="inline-flex items-center rounded-full bg-teal-400/10 px-3 py-1 my-0.5 text-xs font-medium leading-5 text-neon-green"
                    >
                      Django
                    </div>
                  </span>
                  <span
                    class="pl-1"
                  >
                    <div
                      class="inline-flex items-center rounded-full bg-teal-400/10 px-3 py-1 my-0.5 text-xs font-medium leading-5 text-neon-green"
                    >
                      Python
                    </div>
                  </span>
                  <span
                    class="pl-1"
                  >
                    <div
                      class="inline-flex items-center rounded-full bg-teal-400/10 px-3 py-1 my-0.5 text-xs font-medium leading-5 text-neon-green"
                    >
                      Javascript
                    </div>
                  </span>
                  <span
                    class="pl-1"
                  >
                    <div
                      class="inline-flex items-center rounded-full bg-teal-400/10 px-3 py-1 my-0.5 text-xs font-medium leading-5 text-neon-green"
                    >
                      AWS
                    </div>
                  </span>
                  <span
                    class="pl-1"
                  >
                    <div
                      class="inline-flex items-center rounded-full bg-teal-400/10 px-3 py-1 my-0.5 text-xs font-medium leading-5 text-neon-green"
                    >
                      GCP
                    </div>
                  </span>
                </div>
              </li>
              <li
                class="mb-5 ms-6"
              >
                <div
                  class="absolute w-3 h-3 bg-gray-200 rounded-full mt-1.5 -start-1.5 border border-white dark:border-gray-900 dark:bg-gray-700"
                />
                <div
                  class=""
                >
                  <div
                    class="items-center justify-between sm:flex"
                  >
                    <time
                      class="mb-1 text-sm text-gray-400 sm:order-last sm:mb-0"
                    >
                      2012
                       - 
                      2013
                    </time>
                    <div
                      class="text-sm sm:text-lg font-bold text-gray-500 dark:text-gray-300"
                    >
                      Software engineer
                      ・
                      C Company
                    </div>
                  </div>
                  <div
                    class="text-xs text-gray-500"
                  >
                    Responsible for building new websites and infrastructure.
                  </div>
                  <div
                    class="p-3 text-xs sm:text-sm text-gray-500"
                  >
                    <ul
                      class="list-disc"
                    >
                      <li
                        class="list-item"
                      >
                        Developed a scalable microservices architecture, enhancing application performance and reliability.
                      </li>
                      <li
                        class="list-item"
                      >
                        Implemented AI-driven features, optimizing user experience and increasing engagement metrics.
                      </li>
                      <li
                        class="list-item"
                      >
                        Led cross-functional team to deliver a major software release ahead-of-schedule.
                      </li>
                      <li
                        class="list-item"
                      >
                        Created a secure authentication system, mitigating potential security vulnerabilities effectively.
                      </li>
                    </ul>
                  </div>
                </div>
              </li>
            </ol>
          </div>
        </section>
        <section
          class="pt-20 pb-16 sm:pt-24 2xl:pt-40 2xl:pb-44"
          id="project"
        >
          <h2
            class="text-sm font-bold uppercase tracking-widest text-slate-200 lg:sr-only pb-5"
          >
            Projects
          </h2>
          <div
            class="mx-auto max-w-screen-md"
          >
            <div>
              <div>
                <a
                  href="https://google.com"
                  target="_blank"
                >
                  <div
                    class="group relative"
                  >
                    <div
                      class="flex items-center hover:bg-gray-900 sm:px-2 py-2 rounded-md transition duration-100 ease-in-out"
                    >
                      <div>
                        <div
                          class="text-sm md:text-lg text-gray-500 dark:text-gray-300 font-bold"
                        >
                          First project
                        </div>
                        <div
                          class="text-xs text-gray-500 sm:text-base"
                        >
                          The Project aims to revolutionize transportation through electric vehicles, renewable energy, and autonomous driving technology.
                        </div>
                        <div
                          class="mt-1"
                        >
                          <span
                            class="pr-0.5"
                          >
                            <div
                              class="inline-flex items-center rounded-full bg-teal-400/10 px-3 py-1 my-0.5 text-xs font-medium leading-5 text-neon-green"
                            >
                              Next.js
                            </div>
                          </span>
                          <span
                            class="pr-0.5"
                          >
                            <div
                              class="inline-flex items-center rounded-full bg-teal-400/10 px-3 py-1 my-0.5 text-xs font-medium leading-5 text-neon-green"
                            >
                              Node.js
                            </div>
                          </span>
                          <span
                            class="pr-0.5"
                          >
                            <div
                              class="inline-flex items-center rounded-full bg-teal-400/10 px-3 py-1 my-0.5 text-xs font-medium leading-5 text-neon-green"
                            >
                              GCP
                            </div>
                          </span>
                        </div>
                      </div>
                    </div>
                  </div>
                </a>
                <div
                  class="border-t border-slate-800 my-0.5"
                />
              </div>
              <div>
                <a
                  href="https://google.com"
                  target="_blank"
                >
                  <div
                    class="group relative"
                  >
                    <div
                      class="flex items-center hover:bg-gray-900 sm:px-2 py-2 rounded-md transition duration-100 ease-in-out"
                    >
                      <div>
                        <div
                          class="text-sm md:text-lg text-gray-500 dark:text-gray-300 font-bold"
                        >
                          Second project
                        </div>
                        <div
                          class="text-xs text-gray-500 sm:text-base"
                        >
                          The Project aims to revolutionize transportation through electric vehicles, renewable energy, and autonomous driving technology.
                        </div>
                        <div
                          class="mt-1"
                        >
                          <span
                            class="pr-0.5"
                          >
                            <div
                              class="inline-flex items-center rounded-full bg-teal-400/10 px-3 py-1 my-0.5 text-xs font-medium leading-5 text-neon-green"
                            >
                              Python
                            </div>
                          </span>
                          <span
                            class="pr-0.5"
                          >
                            <div
                              class="inline-flex items-center rounded-full bg-teal-400/10 px-3 py-1 my-0.5 text-xs font-medium leading-5 text-neon-green"
                            >
                              Django
                            </div>
                          </span>
                          <span
                            class="pr-0.5"
                          >
                            <div
                              class="inline-flex items-center rounded-full bg-teal-400/10 px-3 py-1 my-0.5 text-xs font-medium leading-5 text-neon-green"
                            >
                              AWS
                            </div>
                          </span>
                        </div>
                      </div>
                    </div>
                  </div>
                </a>
                <div
                  class="border-t border-slate-800 my-0.5"
                />
              </div>
              <div>
                <a
                  href="https://google.com"
                  target="_blank"
                >
                  <div
                    class="group relative"
                  >
                    <div
                      class="flex items-center hover:bg-gray-900 sm:px-2 py-2 rounded-md transition duration-100 ease-in-out"
                    >
                      <div>
                        <div
                          class="text-sm md:text-lg text-gray-500 dark:text-gray-300 font-bold"
                        >
                          Third project
                        </div>
                        <div
                          class="text-xs text-gray-500 sm:text-base"
                        >
                          The Project aims to revolutionize transportation through electric vehicles, renewable energy, and autonomous driving technology.
                        </div>
                        <div
                          class="mt-1"
                        >
                          <span
                            class="pr-0.5"
                          >
                            <div
                              class="inline-flex items-center rounded-full bg-teal-400/10 px-3 py-1 my-0.5 text-xs font-medium leading-5 text-neon-green"
                            >
                              Ruby
                            </div>
                          </span>
                          <span
                            class="pr-0.5"
                          >
                            <div
                              class="inline-flex items-center rounded-full bg-teal-400/10 px-3 py-1 my-0.5 text-xs font-medium leading-5 text-neon-green"
                            >
                              Ruby on Rails
                            </div>
                          </span>
                        </div>
                      </div>
                    </div>
                  </div>
                </a>
                <div
                  class="border-t border-slate-800 my-0.5"
                />
              </div>
              <div>
                <a
                  href="https://google.com"
                  target="_blank"
                >
                  <div
                    class="group relative"
                  >
                    <div
                      class="flex items-center hover:bg-gray-900 sm:px-2 py-2 rounded-md transition duration-100 ease-in-out"
                    >
                      <div>
                        <div
                          class="text-sm md:text-lg text-gray-500 dark:text-gray-300 font-bold"
                        >
                          Fourth project
                        </div>
                        <div
                          class="text-xs text-gray-500 sm:text-base"
                        >
                          The Project aims to revolutionize transportation through electric vehicles, renewable energy, and autonomous driving technology.
                        </div>
                        <div
                          class="mt-1"
                        >
                          <span
                            class="pr-0.5"
                          >
                            <div
                              class="inline-flex items-center rounded-full bg-teal-400/10 px-3 py-1 my-0.5 text-xs font-medium leading-5 text-neon-green"
                            >
                              Django
                            </div>
                          </span>
                          <span
                            class="pr-0.5"
                          >
                            <div
                              class="inline-flex items-center rounded-full bg-teal-400/10 px-3 py-1 my-0.5 text-xs font-medium leading-5 text-neon-green"
                            >
                              Bootstrap
                            </div>
                          </span>
                          <span
                            class="pr-0.5"
                          >
                            <div
                              class="inline-flex items-center rounded-full bg-teal-400/10 px-3 py-1 my-0.5 text-xs font-medium leading-5 text-neon-green"
                            >
                              Azure
                            </div>
                          </span>
                        </div>
                      </div>
                    </div>
                  </div>
                </a>
                <div
                  class="border-t border-slate-800 my-0.5"
                />
              </div>
              <div>
                <a
                  href=""
                  target="_blank"
                >
                  <div
                    class="group relative"
                  >
                    <div
                      class="flex items-center hover:bg-gray-900 sm:px-2 py-2 rounded-md transition duration-100 ease-in-out"
                    >
                      <div>
                        <div
                          class="text-sm md:text-lg text-gray-500 dark:text-gray-300 font-bold"
                        >
                          Private projects
                        </div>
                        <div
                          class="text-xs text-gray-500 sm:text-base"
                        >
                          The Project aims to revolutionize transportation through electric vehicles, renewable energy, and autonomous driving technology.
                        </div>
                        <div
                          class="mt-1"
                        >
                          <span
                            class="pr-0.5"
                          >
                            <div
                              class="inline-flex items-center rounded-full bg-teal-400/10 px-3 py-1 my-0.5 text-xs font-medium leading-5 text-neon-green"
                            >
                              Django
                            </div>
                          </span>
                          <span
                            class="pr-0.5"
                          >
                            <div
                              class="inline-flex items-center rounded-full bg-teal-400/10 px-3 py-1 my-0.5 text-xs font-medium leading-5 text-neon-green"
                            >
                              Beautiful Soup
                            </div>
                          </span>
                          <span
                            class="pr-0.5"
                          >
                            <div
                              class="inline-flex items-center rounded-full bg-teal-400/10 px-3 py-1 my-0.5 text-xs font-medium leading-5 text-neon-green"
                            >
                              Selenium
                            </div>
                          </span>
                          <span
                            class="pr-0.5"
                          >
                            <div
                              class="inline-flex items-center rounded-full bg-teal-400/10 px-3 py-1 my-0.5 text-xs font-medium leading-5 text-neon-green"
                            >
                              Next.js
                            </div>
                          </span>
                          <span
                            class="pr-0.5"
                          >
                            <div
                              class="inline-flex items-center rounded-full bg-teal-400/10 px-3 py-1 my-0.5 text-xs font-medium leading-5 text-neon-green"
                            >
                              Node.js
                            </div>
                          </span>
                          <span
                            class="pr-0.5"
                          >
                            <div
                              class="inline-flex items-center rounded-full bg-teal-400/10 px-3 py-1 my-0.5 text-xs font-medium leading-5 text-neon-green"
                            >
                              AWS
                            </div>
                          </span>
                          <span
                            class="pr-0.5"
                          >
                            <div
                              class="inline-flex items-center rounded-full bg-teal-400/10 px-3 py-1 my-0.5 text-xs font-medium leading-5 text-neon-green"
                            >
                              GCP
                            </div>
                          </span>
                        </div>
                      </div>
                    </div>
                  </div>
                </a>
              </div>
            </div>
          </div>
        </section>
      </div>
    </div>
  </div>
</div>
`;
